TEST-LOG